Archive member included to satisfy reference by file (symbol)

/opt/local/lib/gcc/arm-none-eabi/12.2.0/thumb/v6-m/nofp/libgcc.a(_dvmd_tls.o)
                              CMakeFiles/psram-test.dir/Users/ian/src/pico/pico-sdk/src/rp2_common/pico_divider/divider.S.obj (__aeabi_idiv0)
/opt/local/lib/gcc/arm-none-eabi/12.2.0/../../../../arm-none-eabi/lib/thumb/v6-m/nofp/libc.a(lib_a-atexit.o)
                              /opt/local/lib/gcc/arm-none-eabi/12.2.0/../../../../arm-none-eabi/lib/thumb/v6-m/nofp/crt0.o (atexit)
/opt/local/lib/gcc/arm-none-eabi/12.2.0/../../../../arm-none-eabi/lib/thumb/v6-m/nofp/libc.a(lib_a-calloc.o)
                              CMakeFiles/psram-test.dir/Users/ian/src/pico/pico-sdk/src/rp2_common/pico_malloc/pico_malloc.c.obj (calloc)
/opt/local/lib/gcc/arm-none-eabi/12.2.0/../../../../arm-none-eabi/lib/thumb/v6-m/nofp/libc.a(lib_a-callocr.o)
                              /opt/local/lib/gcc/arm-none-eabi/12.2.0/../../../../arm-none-eabi/lib/thumb/v6-m/nofp/libc.a(lib_a-calloc.o) (_calloc_r)
/opt/local/lib/gcc/arm-none-eabi/12.2.0/../../../../arm-none-eabi/lib/thumb/v6-m/nofp/libc.a(lib_a-errno.o)
                              /opt/local/lib/gcc/arm-none-eabi/12.2.0/../../../../arm-none-eabi/lib/thumb/v6-m/nofp/libc.a(lib_a-callocr.o) (__errno)
/opt/local/lib/gcc/arm-none-eabi/12.2.0/../../../../arm-none-eabi/lib/thumb/v6-m/nofp/libc.a(lib_a-fini.o)
                              /opt/local/lib/gcc/arm-none-eabi/12.2.0/../../../../arm-none-eabi/lib/thumb/v6-m/nofp/crt0.o (__libc_fini_array)
/opt/local/lib/gcc/arm-none-eabi/12.2.0/../../../../arm-none-eabi/lib/thumb/v6-m/nofp/libc.a(lib_a-impure.o)
                              /opt/local/lib/gcc/arm-none-eabi/12.2.0/../../../../arm-none-eabi/lib/thumb/v6-m/nofp/libc.a(lib_a-calloc.o) (_impure_ptr)
/opt/local/lib/gcc/arm-none-eabi/12.2.0/../../../../arm-none-eabi/lib/thumb/v6-m/nofp/libc.a(lib_a-init.o)
                              /opt/local/lib/gcc/arm-none-eabi/12.2.0/../../../../arm-none-eabi/lib/thumb/v6-m/nofp/crt0.o (__libc_init_array)
/opt/local/lib/gcc/arm-none-eabi/12.2.0/../../../../arm-none-eabi/lib/thumb/v6-m/nofp/libc.a(lib_a-malloc.o)
                              CMakeFiles/psram-test.dir/Users/ian/src/pico/pico-sdk/src/rp2_common/pico_malloc/pico_malloc.c.obj (malloc)
/opt/local/lib/gcc/arm-none-eabi/12.2.0/../../../../arm-none-eabi/lib/thumb/v6-m/nofp/libc.a(lib_a-mallocr.o)
                              /opt/local/lib/gcc/arm-none-eabi/12.2.0/../../../../arm-none-eabi/lib/thumb/v6-m/nofp/libc.a(lib_a-callocr.o) (_malloc_r)
/opt/local/lib/gcc/arm-none-eabi/12.2.0/../../../../arm-none-eabi/lib/thumb/v6-m/nofp/libc.a(lib_a-memcmp.o)
                              CMakeFiles/psram-test.dir/psram-test.c.obj (memcmp)
/opt/local/lib/gcc/arm-none-eabi/12.2.0/../../../../arm-none-eabi/lib/thumb/v6-m/nofp/libc.a(lib_a-mlock.o)
                              /opt/local/lib/gcc/arm-none-eabi/12.2.0/../../../../arm-none-eabi/lib/thumb/v6-m/nofp/libc.a(lib_a-mallocr.o) (__malloc_lock)
/opt/local/lib/gcc/arm-none-eabi/12.2.0/../../../../arm-none-eabi/lib/thumb/v6-m/nofp/libc.a(lib_a-realloc.o)
                              CMakeFiles/psram-test.dir/Users/ian/src/pico/pico-sdk/src/rp2_common/pico_malloc/pico_malloc.c.obj (realloc)
/opt/local/lib/gcc/arm-none-eabi/12.2.0/../../../../arm-none-eabi/lib/thumb/v6-m/nofp/libc.a(lib_a-reallocr.o)
                              /opt/local/lib/gcc/arm-none-eabi/12.2.0/../../../../arm-none-eabi/lib/thumb/v6-m/nofp/libc.a(lib_a-realloc.o) (_realloc_r)
/opt/local/lib/gcc/arm-none-eabi/12.2.0/../../../../arm-none-eabi/lib/thumb/v6-m/nofp/libc.a(lib_a-sbrkr.o)
                              /opt/local/lib/gcc/arm-none-eabi/12.2.0/../../../../arm-none-eabi/lib/thumb/v6-m/nofp/libc.a(lib_a-mallocr.o) (_sbrk_r)
/opt/local/lib/gcc/arm-none-eabi/12.2.0/../../../../arm-none-eabi/lib/thumb/v6-m/nofp/libc.a(lib_a-strlen-stub.o)
                              CMakeFiles/psram-test.dir/Users/ian/src/pico/pico-sdk/src/rp2_common/pico_stdio/stdio.c.obj (strlen)
/opt/local/lib/gcc/arm-none-eabi/12.2.0/../../../../arm-none-eabi/lib/thumb/v6-m/nofp/libc.a(lib_a-__atexit.o)
                              /opt/local/lib/gcc/arm-none-eabi/12.2.0/../../../../arm-none-eabi/lib/thumb/v6-m/nofp/libc.a(lib_a-atexit.o) (__register_exitproc)
/opt/local/lib/gcc/arm-none-eabi/12.2.0/../../../../arm-none-eabi/lib/thumb/v6-m/nofp/libc.a(lib_a-freer.o)
                              /opt/local/lib/gcc/arm-none-eabi/12.2.0/../../../../arm-none-eabi/lib/thumb/v6-m/nofp/libc.a(lib_a-malloc.o) (_free_r)
/opt/local/lib/gcc/arm-none-eabi/12.2.0/../../../../arm-none-eabi/lib/thumb/v6-m/nofp/libc.a(lib_a-memmove.o)
                              /opt/local/lib/gcc/arm-none-eabi/12.2.0/../../../../arm-none-eabi/lib/thumb/v6-m/nofp/libc.a(lib_a-reallocr.o) (memmove)
/opt/local/lib/gcc/arm-none-eabi/12.2.0/../../../../arm-none-eabi/lib/thumb/v6-m/nofp/libc.a(lib_a-reent.o)
[...]
Memory Configuration

Name             Origin             Length             Attributes
FLASH            0x0000000010000000 0x0000000000200000 xr
RAM              0x0000000020000000 0x0000000000040000 xrw
SCRATCH_X        0x0000000020040000 0x0000000000001000 xrw
SCRATCH_Y        0x0000000020041000 0x0000000000001000 xrw
*default*        0x0000000000000000 0xffffffffffffffff

Linker script and memory map

LOAD /opt/local/lib/gcc/arm-none-eabi/12.2.0/thumb/v6-m/nofp/crti.o
LOAD /opt/local/lib/gcc/arm-none-eabi/12.2.0/thumb/v6-m/nofp/crtbegin.o
LOAD /opt/local/lib/gcc/arm-none-eabi/12.2.0/../../../../arm-none-eabi/lib/thumb/v6-m/nofp/crt0.o

.flash_begin    0x0000000010000000        0x0
                0x0000000010000000                __flash_binary_start = .

.boot2          0x0000000010000000      0x100
                0x0000000010000000                __boot2_start__ = .
 *(.boot2)
 .boot2         0x0000000010000000      0x100 /var/folders/g7/33fnyj7s43z_mnx1fh_qqq000000gn/T//ccwNIGEb.o
                0x0000000010000100                __boot2_end__ = .
                0x0000000000000001                ASSERT (((__boot2_end__ - __boot2_start__) == 0x100), ERROR: Pico second stage bootloader must be 256 bytes in size)

.flashtext      0x0000000010000100      0x1e0
                0x0000000010000100                __logical_binary_start = .
 *(.vectors)
 .vectors       0x0000000010000100       0xd4 CMakeFiles/psram-test.dir/Users/ian/src/pico/pico-sdk/src/rp2_common/pico_standard_link/crt0.S.obj
                0x0000000010000100                __VECTOR_TABLE
                0x0000000010000100                __vectors
                0x00000000100001c0                __default_isrs_start
                0x00000000100001c0                isr_invalid
                0x00000000100001c2                isr_nmi
                0x00000000100001c4                isr_hardfault
                0x00000000100001c6                isr_svcall
                0x00000000100001c8                isr_pendsv
                0x00000000100001ca                isr_systick
                0x00000000100001cc                isr_irq28
                0x00000000100001cc                isr_irq19
                0x00000000100001cc                isr_irq0
                0x00000000100001cc                isr_irq6
                0x00000000100001cc                isr_irq22
                0x00000000100001cc                isr_irq17
                0x00000000100001cc                isr_irq14
                0x00000000100001cc                isr_irq2
                0x00000000100001cc                isr_irq10
                0x00000000100001cc                isr_irq8
                0x00000000100001cc                isr_irq24
                0x00000000100001cc                isr_irq1
                0x00000000100001cc                isr_irq7
                0x00000000100001cc                isr_irq21
                0x00000000100001cc                isr_irq20
                0x00000000100001cc                isr_irq15
                0x00000000100001cc                isr_irq25
                0x00000000100001cc                isr_irq4
                0x00000000100001cc                isr_irq16
                0x00000000100001cc                isr_irq29
                0x00000000100001cc                isr_irq26
                0x00000000100001cc                __default_isrs_end
                0x00000000100001cc                isr_irq3
                0x00000000100001cc                isr_irq9
                0x00000000100001cc                __unhandled_user_irq
                0x00000000100001cc                isr_irq13
                0x00000000100001cc                isr_irq27
                0x00000000100001cc                isr_irq31
                0x00000000100001cc                isr_irq5
                0x00000000100001cc                isr_irq11
                0x00000000100001cc                isr_irq23
                0x00000000100001cc                isr_irq18
                0x00000000100001cc                isr_irq30
                0x00000000100001cc                isr_irq12
                0x00000000100001d2                unhandled_user_irq_num_in_r0
 *(.binary_info_header)
 .binary_info_header
                0x00000000100001d4       0x14 CMakeFiles/psram-test.dir/Users/ian/src/pico/pico-sdk/src/rp2_common/pico_standard_link/crt0.S.obj
                0x00000000100001e8                __binary_info_header_end = .
 *(.reset)
 .reset         0x00000000100001e8       0xb4 CMakeFiles/psram-test.dir/Users/ian/src/pico/pico-sdk/src/rp2_common/pico_standard_link/crt0.S.obj
                0x00000000100001e8                _entry_point
                0x0000000010000272                __get_current_exception
 *fill*         0x000000001000029c        0x4 
 .reset.__stub  0x00000000100002a0       0x10 linker stubs
 .reset         0x00000000100002b0       0x30 CMakeFiles/psram-test.dir/Users/ian/src/pico/pico-sdk/src/rp2_common/pico_standard_link/binary_info.c.obj

.rodata         0x00000000100002e0        0x0
 *(SORT_BY_ALIGNMENT(SORT_BY_NAME(.flashdata*)))
                0x00000000100002e0                . = ALIGN (0x4)

.ARM.extab
 *(.ARM.extab* .gnu.linkonce.armextab.*)
                0x00000000100002e0                __exidx_start = .

.ARM.exidx
 *(.ARM.exidx* .gnu.linkonce.armexidx.*)
                0x00000000100002e0                __exidx_end = .
                0x00000000100002e0                . = ALIGN (0x4)
                0x00000000100002e0                __binary_info_start = .

.binary_info    0x00000000100002e0       0x28
 *(.binary_info.keep.*)
 .binary_info.keep.__bi_ptr81
                0x00000000100002e0        0x4 CMakeFiles/psram-test.dir/Users/ian/src/pico/pico-sdk/src/rp2_common/pico_standard_link/binary_info.c.obj
 .binary_info.keep.__bi_ptr75
                0x00000000100002e4        0x4 CMakeFiles/psram-test.dir/Users/ian/src/pico/pico-sdk/src/rp2_common/pico_standard_link/binary_info.c.obj
 .binary_info.keep.__bi_ptr56
                0x00000000100002e8        0x4 CMakeFiles/psram-test.dir/Users/ian/src/pico/pico-sdk/src/rp2_common/pico_standard_link/binary_info.c.obj
 .binary_info.keep.__bi_ptr50
                0x00000000100002ec        0x4 CMakeFiles/psram-test.dir/Users/ian/src/pico/pico-sdk/src/rp2_common/pico_standard_link/binary_info.c.obj
 .binary_info.keep.__bi_ptr44
                0x00000000100002f0        0x4 CMakeFiles/psram-test.dir/Users/ian/src/pico/pico-sdk/src/rp2_common/pico_standard_link/binary_info.c.obj
 .binary_info.keep.__bi_ptr38
                0x00000000100002f4        0x4 CMakeFiles/psram-test.dir/Users/ian/src/pico/pico-sdk/src/rp2_common/pico_standard_link/binary_info.c.obj
 .binary_info.keep.__bi_ptr30
                0x00000000100002f8        0x4 CMakeFiles/psram-test.dir/Users/ian/src/pico/pico-sdk/src/rp2_common/pico_standard_link/binary_info.c.obj
 .binary_info.keep.__bi_ptr22
                0x00000000100002fc        0x4 CMakeFiles/psram-test.dir/Users/ian/src/pico/pico-sdk/src/rp2_common/pico_standard_link/binary_info.c.obj
 *(.binary_info.*)
 .binary_info.__bi_ptr29
                0x0000000010000300        0x4 CMakeFiles/psram-test.dir/Users/ian/src/pico/pico-sdk/src/rp2_common/pico_stdio_uart/stdio_uart.c.obj
 .binary_info.__bi_ptr28
                0x0000000010000304        0x4 CMakeFiles/psram-test.dir/Users/ian/src/pico/pico-sdk/src/rp2_common/pico_stdio_uart/stdio_uart.c.obj
                0x0000000010000308                __binary_info_end = .
                0x0000000010000308                . = ALIGN (0x4)

.ram_vector_table
                0x0000000020000000       0xc0
 *(.ram_vector_table)
 .ram_vector_table
                0x0000000020000000       0xc0 CMakeFiles/psram-test.dir/Users/ian/src/pico/pico-sdk/src/rp2_common/pico_runtime/runtime.c.obj
                0x0000000020000000                ram_vector_table

.text           0x00000000200000c0     0x5188 load address 0x0000000010000308
                0x00000000200000c0                __ram_text_start__ = .
 *(.init)
 .init          0x00000000200000c0        0x4 /opt/local/lib/gcc/arm-none-eabi/12.2.0/thumb/v6-m/nofp/crti.o
                0x00000000200000c0                _init
 *(.text*)
 .text          0x00000000200000c4       0x98 /opt/local/lib/gcc/arm-none-eabi/12.2.0/thumb/v6-m/nofp/crtbegin.o
 .text.dma_complete_handler
                0x000000002000015c       0x24 CMakeFiles/psram-test.dir/psram-test.c.obj
                0x000000002000015c                dma_complete_handler
 .text.psram_init
                0x0000000020000180      0x2f8 CMakeFiles/psram-test.dir/psram-test.c.obj
                0x0000000020000180                psram_init
 .text.startup.main
                0x0000000020000478      0x7cc CMakeFiles/psram-test.dir/psram-test.c.obj
                0x0000000020000478                main
 .text.set_sys_clock_pll
                0x0000000020000c44       0x78 CMakeFiles/psram-test.dir/Users/ian/src/pico/pico-sdk/src/rp2_common/pico_stdlib/stdlib.c.obj
                0x0000000020000c44                set_sys_clock_pll
 .text.check_sys_clock_khz
                0x0000000020000cbc      0x20c CMakeFiles/psram-test.dir/Users/ian/src/pico/pico-sdk/src/rp2_common/pico_stdlib/stdlib.c.obj
                0x0000000020000cbc                check_sys_clock_khz
 .text.gpio_set_function
                0x0000000020000ec8       0x30 CMakeFiles/psram-test.dir/Users/ian/src/pico/pico-sdk/src/rp2_common/hardware_gpio/gpio.c.obj
                0x0000000020000ec8                gpio_set_function
 .text.gpio_set_slew_rate
                0x0000000020000ef8       0x20 CMakeFiles/psram-test.dir/Users/ian/src/pico/pico-sdk/src/rp2_common/hardware_gpio/gpio.c.obj
                0x0000000020000ef8                gpio_set_slew_rate
 .text.gpio_set_drive_strength
                0x0000000020000f18       0x20 CMakeFiles/psram-test.dir/Users/ian/src/pico/pico-sdk/src/rp2_common/hardware_gpio/gpio.c.obj
                0x0000000020000f18                gpio_set_drive_strength
 .text.hw_claim_lock
                0x0000000020000f38       0x18 CMakeFiles/psram-test.dir/Users/ian/src/pico/pico-sdk/src/rp2_common/hardware_claim/claim.c.obj
                0x0000000020000f38                hw_claim_lock
 .text.hw_claim_unlock
                0x0000000020000f50       0x14 CMakeFiles/psram-test.dir/Users/ian/src/pico/pico-sdk/src/rp2_common/hardware_claim/claim.c.obj
                0x0000000020000f50                hw_claim_unlock
 .text.hw_claim_or_assert
                0x0000000020000f64       0x44 CMakeFiles/psram-test.dir/Users/ian/src/pico/pico-sdk/src/rp2_common/hardware_claim/claim.c.obj
                0x0000000020000f64                hw_claim_or_assert
 .text.hw_claim_unused_from_range
                0x0000000020000fa8       0x9c CMakeFiles/psram-test.dir/Users/ian/src/pico/pico-sdk/src/rp2_common/hardware_claim/claim.c.obj
                0x0000000020000fa8                hw_claim_unused_from_range
 .text.running_on_fpga
                0x0000000020001044       0x10 CMakeFiles/psram-test.dir/Users/ian/src/pico/pico-sdk/src/rp2_common/pico_platform/platform.c.obj
                0x0000000020001044                running_on_fpga
 .text.spin_locks_reset
                0x0000000020001054       0x1c CMakeFiles/psram-test.dir/Users/ian/src/pico/pico-sdk/src/rp2_common/hardware_sync/sync.c.obj
                0x0000000020001054                spin_locks_reset
 .text.next_striped_spin_lock_num
                0x0000000020001070       0x18 CMakeFiles/psram-test.dir/Users/ian/src/pico/pico-sdk/src/rp2_common/hardware_sync/sync.c.obj
                0x0000000020001070                next_striped_spin_lock_num
 .text.irq_set_enabled
                0x0000000020001088       0x24 CMakeFiles/psram-test.dir/Users/ian/src/pico/pico-sdk/src/rp2_common/hardware_irq/irq.c.obj
                0x0000000020001088                irq_set_enabled
 .text.irq_get_vtable_handler
                0x00000000200010ac       0x10 CMakeFiles/psram-test.dir/Users/ian/src/pico/pico-sdk/src/rp2_common/hardware_irq/irq.c.obj
                0x00000000200010ac                irq_get_vtable_handler
 .text.irq_set_exclusive_handler
                0x00000000200010bc       0x54 CMakeFiles/psram-test.dir/Users/ian/src/pico/pico-sdk/src/rp2_common/hardware_irq/irq.c.obj
                0x00000000200010bc                irq_set_exclusive_handler
 .text.irq_remove_handler
                0x0000000020001110      0x1cc CMakeFiles/psram-test.dir/Users/ian/src/pico/pico-sdk/src/rp2_common/hardware_irq/irq.c.obj
                0x0000000020001110                irq_remove_handler
 .text.irq_add_tail_to_free_list
                0x00000000200012dc       0xb4 CMakeFiles/psram-test.dir/Users/ian/src/pico/pico-sdk/src/rp2_common/hardware_irq/irq.c.obj
                0x00000000200012dc                irq_add_tail_to_free_list
 .text.irq_init_priorities
                0x0000000020001390       0x24 CMakeFiles/psram-test.dir/Users/ian/src/pico/pico-sdk/src/rp2_common/hardware_irq/irq.c.obj
                0x0000000020001390                irq_init_priorities
 .text.lock_init
                0x00000000200013b4       0x10 CMakeFiles/psram-test.dir/Users/ian/src/pico/pico-sdk/src/common/pico_sync/lock_core.c.obj
                0x00000000200013b4                lock_init
 .text.timer_pool_entry_comparator
                0x00000000200013c4       0x34 CMakeFiles/psram-test.dir/Users/ian/src/pico/pico-sdk/src/common/pico_time/time.c.obj
                0x00000000200013c4                timer_pool_entry_comparator
 .text.add_alarm_under_lock.isra.0
                0x00000000200013f8       0xf8 CMakeFiles/psram-test.dir/Users/ian/src/pico/pico-sdk/src/common/pico_time/time.c.obj
 .text.alarm_pool_alarm_callback
                0x00000000200014f0      0x1c4 CMakeFiles/psram-test.dir/Users/ian/src/pico/pico-sdk/src/common/pico_time/time.c.obj
 .text.alarm_pool_init_default
                0x00000000200016b4       0x64 CMakeFiles/psram-test.dir/Users/ian/src/pico/pico-sdk/src/common/pico_time/time.c.obj
                0x00000000200016b4                alarm_pool_init_default
 .text.hardware_alarm_irq_handler
                0x0000000020001718       0xb8 CMakeFiles/psram-test.dir/Users/ian/src/pico/pico-sdk/src/rp2_common/hardware_timer/timer.c.obj
 .text.hardware_alarm_claim
                0x00000000200017d0       0x18 CMakeFiles/psram-test.dir/Users/ian/src/pico/pico-sdk/src/rp2_common/hardware_timer/timer.c.obj
                0x00000000200017d0                hardware_alarm_claim
 .text.time_us_64
                0x00000000200017e8       0x14 CMakeFiles/psram-test.dir/Users/ian/src/pico/pico-sdk/src/rp2_common/hardware_timer/timer.c.obj
                0x00000000200017e8                time_us_64
 .text.busy_wait_us
                0x00000000200017fc       0x68 CMakeFiles/psram-test.dir/Users/ian/src/pico/pico-sdk/src/rp2_common/hardware_timer/timer.c.obj
                0x00000000200017fc                busy_wait_us
 .text.hardware_alarm_set_callback
                0x0000000020001864       0x8c CMakeFiles/psram-test.dir/Users/ian/src/pico/pico-sdk/src/rp2_common/hardware_timer/timer.c.obj
                0x0000000020001864                hardware_alarm_set_callback
 .text.hardware_alarm_set_target
                0x00000000200018f0       0xdc CMakeFiles/psram-test.dir/Users/ian/src/pico/pico-sdk/src/rp2_common/hardware_timer/timer.c.obj
                0x00000000200018f0                hardware_alarm_set_target
 .text.hardware_alarm_cancel
                0x00000000200019cc       0x3c CMakeFiles/psram-test.dir/Users/ian/src/pico/pico-sdk/src/rp2_common/hardware_timer/timer.c.obj
                0x00000000200019cc                hardware_alarm_cancel
 .text.ph_merge_nodes
                0x0000000020001a08       0x58 CMakeFiles/psram-test.dir/Users/ian/src/pico/pico-sdk/src/common/pico_util/pheap.c.obj
 .text.ph_post_alloc_init
                0x0000000020001a60       0x3c CMakeFiles/psram-test.dir/Users/ian/src/pico/pico-sdk/src/common/pico_util/pheap.c.obj
                0x0000000020001a60                ph_post_alloc_init
 .text.ph_merge_two_pass
                0x0000000020001a9c       0x8c CMakeFiles/psram-test.dir/Users/ian/src/pico/pico-sdk/src/common/pico_util/pheap.c.obj
                0x0000000020001a9c                ph_merge_two_pass
 .text.ph_remove_any_head
                0x0000000020001b28      0x12c CMakeFiles/psram-test.dir/Users/ian/src/pico/pico-sdk/src/common/pico_util/pheap.c.obj
 .text.ph_remove_head
                0x0000000020001c54      0x130 CMakeFiles/psram-test.dir/Users/ian/src/pico/pico-sdk/src/common/pico_util/pheap.c.obj
                0x0000000020001c54                ph_remove_head
 .text.ph_remove_and_free_node
                0x0000000020001d84       0x78 CMakeFiles/psram-test.dir/Users/ian/src/pico/pico-sdk/src/common/pico_util/pheap.c.obj
                0x0000000020001d84                ph_remove_and_free_node
 .text.mutex_init
                0x0000000020001dfc       0x1c CMakeFiles/psram-test.dir/Users/ian/src/pico/pico-sdk/src/common/pico_sync/mutex.c.obj
                0x0000000020001dfc                mutex_init
 .text.recursive_mutex_init
                0x0000000020001e18       0x1c CMakeFiles/psram-test.dir/Users/ian/src/pico/pico-sdk/src/common/pico_sync/mutex.c.obj
                0x0000000020001e18                recursive_mutex_init
 .text.uart_init
                0x0000000020001e34       0xe0 CMakeFiles/psram-test.dir/Users/ian/src/pico/pico-sdk/src/rp2_common/hardware_uart/uart.c.obj
                0x0000000020001e34                uart_init
 .text.runtime_init
                0x0000000020001f14       0xec CMakeFiles/psram-test.dir/Users/ian/src/pico/pico-sdk/src/rp2_common/pico_runtime/runtime.c.obj
                0x0000000020001f14                runtime_init
 .text.exit     0x0000000020002000        0x4 CMakeFiles/psram-test.dir/Users/ian/src/pico/pico-sdk/src/rp2_common/pico_runtime/runtime.c.obj
                0x0000000020002000                exit
 .text.panic    0x0000000020002004       0x30 CMakeFiles/psram-test.dir/Users/ian/src/pico/pico-sdk/src/rp2_common/pico_runtime/runtime.c.obj
                0x0000000020002004                panic
 .text.hard_assertion_failure
                0x0000000020002034        0xc CMakeFiles/psram-test.dir/Users/ian/src/pico/pico-sdk/src/rp2_common/pico_runtime/runtime.c.obj
                0x0000000020002034                hard_assertion_failure
 .text.clock_configure
                0x0000000020002040      0x148 CMakeFiles/psram-test.dir/Users/ian/src/pico/pico-sdk/src/rp2_common/hardware_clocks/clocks.c.obj
                0x0000000020002040                clock_configure
 .text.clocks_init
                0x0000000020002188      0x2b4 CMakeFiles/psram-test.dir/Users/ian/src/pico/pico-sdk/src/rp2_common/hardware_clocks/clocks.c.obj
                0x0000000020002188                clocks_init
 .text.clock_get_hz
                0x000000002000243c        0xc CMakeFiles/psram-test.dir/Users/ian/src/pico/pico-sdk/src/rp2_common/hardware_clocks/clocks.c.obj
                0x000000002000243c                clock_get_hz
 .text.pll_init
                0x0000000020002448       0xa8 CMakeFiles/psram-test.dir/Users/ian/src/pico/pico-sdk/src/rp2_common/hardware_pll/pll.c.obj
                0x0000000020002448                pll_init
 .text.watchdog_start_tick
                0x00000000200024f0       0x10 CMakeFiles/psram-test.dir/Users/ian/src/pico/pico-sdk/src/rp2_common/hardware_watchdog/watchdog.c.obj
                0x00000000200024f0                watchdog_start_tick
 .text.xosc_init
                0x0000000020002500       0x28 CMakeFiles/psram-test.dir/Users/ian/src/pico/pico-sdk/src/rp2_common/hardware_xosc/xosc.c.obj
                0x0000000020002500                xosc_init
 .text._out_null
                0x0000000020002528        0x4 CMakeFiles/psram-test.dir/Users/ian/src/pico/pico-sdk/src/rp2_common/pico_printf/printf.c.obj
 .text._out_rev
                0x000000002000252c       0x90 CMakeFiles/psram-test.dir/Users/ian/src/pico/pico-sdk/src/rp2_common/pico_printf/printf.c.obj
 .text._ntoa_format
                0x00000000200025bc      0x208 CMakeFiles/psram-test.dir/Users/ian/src/pico/pico-sdk/src/rp2_common/pico_printf/printf.c.obj
 .text._out_char
                0x00000000200027c4       0x10 CMakeFiles/psram-test.dir/Users/ian/src/pico/pico-sdk/src/rp2_common/pico_printf/printf.c.obj
 .text._out_fct
                0x00000000200027d4       0x10 CMakeFiles/psram-test.dir/Users/ian/src/pico/pico-sdk/src/rp2_common/pico_printf/printf.c.obj
 .text._etoa    0x00000000200027e4      0x464 CMakeFiles/psram-test.dir/Users/ian/src/pico/pico-sdk/src/rp2_common/pico_printf/printf.c.obj
 .text._ftoa    0x0000000020002c48      0x3c4 CMakeFiles/psram-test.dir/Users/ian/src/pico/pico-sdk/src/rp2_common/pico_printf/printf.c.obj
 .text._vsnprintf
                0x000000002000300c      0xc18 CMakeFiles/psram-test.dir/Users/ian/src/pico/pico-sdk/src/rp2_common/pico_printf/printf.c.obj
 .text.vfctprintf
                0x0000000020003c24       0x20 CMakeFiles/psram-test.dir/Users/ian/src/pico/pico-sdk/src/rp2_common/pico_printf/printf.c.obj
                0x0000000020003c24                vfctprintf
 .text.weak_raw_vprintf
                0x0000000020003c44       0x30 CMakeFiles/psram-test.dir/Users/ian/src/pico/pico-sdk/src/rp2_common/pico_printf/printf.c.obj
                0x0000000020003c44                weak_raw_vprintf
 .text          0x0000000020003c74       0x10 CMakeFiles/psram-test.dir/Users/ian/src/pico/pico-sdk/src/rp2_common/pico_bit_ops/bit_ops_aeabi.S.obj
 .text.rom_func_lookup
                0x0000000020003c84       0x10 CMakeFiles/psram-test.dir/Users/ian/src/pico/pico-sdk/src/rp2_common/pico_bootrom/bootrom.c.obj
                0x0000000020003c84                rom_func_lookup
 .text.rom_data_lookup
                0x0000000020003c94       0x10 CMakeFiles/psram-test.dir/Users/ian/src/pico/pico-sdk/src/rp2_common/pico_bootrom/bootrom.c.obj
                0x0000000020003c94                rom_data_lookup
 .text.rom_funcs_lookup
                0x0000000020003ca4       0x44 CMakeFiles/psram-test.dir/Users/ian/src/pico/pico-sdk/src/rp2_common/pico_bootrom/bootrom.c.obj
                0x0000000020003ca4                rom_funcs_lookup
 .text.__wrap___aeabi_idiv
                0x0000000020003ce8       0x50 CMakeFiles/psram-test.dir/Users/ian/src/pico/pico-sdk/src/rp2_common/pico_divider/divider.S.obj
                0x0000000020003ce8                __wrap___aeabi_idivmod
                0x0000000020003ce8                divmod_s32s32
                0x0000000020003ce8                div_s32s32
                0x0000000020003ce8                __wrap___aeabi_idiv
                0x0000000020003cf0                divmod_s32s32_unsafe
                0x0000000020003d1c                divmod_s32s32_savestate
 .text.__wrap___aeabi_uidiv
                0x0000000020003d38       0x4c CMakeFiles/psram-test.dir/Users/ian/src/pico/pico-sdk/src/rp2_common/pico_divider/divider.S.obj
                0x0000000020003d38                __wrap___aeabi_uidiv
                0x0000000020003d38                __wrap___aeabi_uidivmod
                0x0000000020003d38                div_u32u32
                0x0000000020003d38                divmod_u32u32
                0x0000000020003d40                divmod_u32u32_unsafe
                0x0000000020003d68                divmod_u32u32_savestate
 .text.__wrap___aeabi_ldiv
                0x0000000020003d84      0x434 CMakeFiles/psram-test.dir/Users/ian/src/pico/pico-sdk/src/rp2_common/pico_divider/divider.S.obj
                0x0000000020003d84                __wrap___aeabi_ldivmod
                0x0000000020003d84                div_s64s64
                0x0000000020003d84                divmod_s64s64
                0x0000000020003dbc                divmod_u64u64
                0x0000000020003dbc                div_u64u64
                0x0000000020003dbc                __wrap___aeabi_uldivmod
                0x0000000020003dcc                divmod_u64u64_savestate
                0x0000000020003df4                divmod_s64s64_unsafe
                0x0000000020003e7c                divmod_u64u64_unsafe
 .text.__wrap___aeabi_darithmetic
                0x00000000200041b8       0x80 CMakeFiles/psram-test.dir/Users/ian/src/pico/pico-sdk/src/rp2_common/pico_double/double_aeabi.S.obj
                0x00000000200041b8                __wrap___aeabi_drsub
                0x00000000200041be                __wrap___aeabi_dsub
                0x00000000200041d0                __wrap___aeabi_dadd
                0x00000000200041e2                __wrap___aeabi_ddiv
                0x000000002000421e                __wrap___aeabi_dmul
 .text.__wrap___aeabi_cdcmple
                0x0000000020004238       0x6c CMakeFiles/psram-test.dir/Users/ian/src/pico/pico-sdk/src/rp2_common/pico_double/double_aeabi.S.obj
                0x0000000020004238                __wrap___aeabi_cdrcmple
                0x0000000020004248                __wrap___aeabi_cdcmple
                0x0000000020004248                __wrap___aeabi_cdcmpeq
 .text.__wrap___aeabi_dcmplt
                0x00000000200042a4        0xc CMakeFiles/psram-test.dir/Users/ian/src/pico/pico-sdk/src/rp2_common/pico_double/double_aeabi.S.obj
                0x00000000200042a4                __wrap___aeabi_dcmplt
 .text.__wrap___aeabi_dcmpge
                0x00000000200042b0       0x10 CMakeFiles/psram-test.dir/Users/ian/src/pico/pico-sdk/src/rp2_common/pico_double/double_aeabi.S.obj
                0x00000000200042b0                __wrap___aeabi_dcmpge
 .text.__wrap___aeabi_dcmpgt
                0x00000000200042c0        0xa CMakeFiles/psram-test.dir/Users/ian/src/pico/pico-sdk/src/rp2_common/pico_double/double_aeabi.S.obj
                0x00000000200042c0                __wrap___aeabi_dcmpgt
 .text.__wrap___aeabi_dcmpun
                0x00000000200042ca       0x1c CMakeFiles/psram-test.dir/Users/ian/src/pico/pico-sdk/src/rp2_common/pico_double/double_aeabi.S.obj
                0x00000000200042ca                __wrap___aeabi_dcmpun
 *fill*         0x00000000200042e6        0x2 
 .text.__wrap___aeabi_i2d
                0x00000000200042e8       0x38 CMakeFiles/psram-test.dir/Users/ian/src/pico/pico-sdk/src/rp2_common/pico_double/double_aeabi.S.obj
                0x00000000200042e8                __wrap___aeabi_ui2d
                0x00000000200042f0                __wrap___aeabi_i2d
 .text.__wrap___aeabi_d2iz
                0x0000000020004320       0x48 CMakeFiles/psram-test.dir/Users/ian/src/pico/pico-sdk/src/rp2_common/pico_double/double_aeabi.S.obj
                0x0000000020004320                __wrap___aeabi_d2iz
                0x0000000020004320                double2int_z
 .text.__wrap___aeabi_d2uiz
                0x0000000020004368       0x18 CMakeFiles/psram-test.dir/Users/ian/src/pico/pico-sdk/src/rp2_common/pico_double/double_aeabi.S.obj
                0x0000000020004368                double2uint
                0x0000000020004368                __wrap___aeabi_d2uiz
 .text.__wrap___aeabi_d2f
                0x0000000020004380       0x18 CMakeFiles/psram-test.dir/Users/ian/src/pico/pico-sdk/src/rp2_common/pico_double/double_aeabi.S.obj
                0x0000000020004380                __wrap___aeabi_d2f
 .text.__aeabi_double_init
                0x0000000020004398       0x98 CMakeFiles/psram-test.dir/Users/ian/src/pico/pico-sdk/src/rp2_common/pico_double/double_init_rom.c.obj
                0x0000000020004398                __aeabi_double_init
 .text.double_table_shim_on_use_helper
                0x0000000020004430       0x2c CMakeFiles/psram-test.dir/Users/ian/src/pico/pico-sdk/src/rp2_common/pico_double/double_v1_rom_shim.S.obj
                0x0000000020004430                double_table_shim_on_use_helper
 .text.__wrap___aeabi_dsub
                0x000000002000445c       0x10 CMakeFiles/psram-test.dir/Users/ian/src/pico/pico-sdk/src/rp2_common/pico_double/double_v1_rom_shim.S.obj
                0x000000002000445c                drsub_shim
                0x0000000020004462                dsub_shim
 .text.dadd_shim
                0x000000002000446c      0x15c CMakeFiles/psram-test.dir/Users/ian/src/pico/pico-sdk/src/rp2_common/pico_double/double_v1_rom_shim.S.obj
                0x000000002000446c                dadd_shim
 .text.dmul_shim
                0x00000000200045c8      0x15c CMakeFiles/psram-test.dir/Users/ian/src/pico/pico-sdk/src/rp2_common/pico_double/double_v1_rom_shim.S.obj
                0x00000000200045c8                dmul_shim
 .text.ddiv_shim
                0x0000000020004724      0x1b0 CMakeFiles/psram-test.dir/Users/ian/src/pico/pico-sdk/src/rp2_common/pico_double/double_v1_rom_shim.S.obj
                0x0000000020004724                ddiv_shim
 .text.double2uint_shim
                0x00000000200048d4        0xe CMakeFiles/psram-test.dir/Users/ian/src/pico/pico-sdk/src/rp2_common/pico_double/double_v1_rom_shim.S.obj
                0x00000000200048d4                double2uint_shim
                0x00000000200048d6                double2ufix_shim
 *fill*         0x00000000200048e2        0x2 
 .text.double2uint64_shim
                0x00000000200048e4       0x70 CMakeFiles/psram-test.dir/Users/ian/src/pico/pico-sdk/src/rp2_common/pico_double/double_v1_rom_shim.S.obj
                0x00000000200048e4                double2uint64_shim
                0x00000000200048e6                double2ufix64_shim
                0x0000000020004906                d2fix_a
 .text.double2float_shim
                0x0000000020004954       0x5c CMakeFiles/psram-test.dir/Users/ian/src/pico/pico-sdk/src/rp2_common/pico_double/double_v1_rom_shim.S.obj
                0x0000000020004954                double2float_shim
 .text.dunpacks
                0x00000000200049b0       0x3c CMakeFiles/psram-test.dir/Users/ian/src/pico/pico-sdk/src/rp2_common/pico_double/double_v1_rom_shim.S.obj
                0x00000000200049b0                dunpacks
 .text.__wrap___aeabi_f2uiz
                0x00000000200049ec        0xc CMakeFiles/psram-test.dir/Users/ian/src/pico/pico-sdk/src/rp2_common/pico_float/float_aeabi.S.obj
                0x00000000200049ec                __wrap___aeabi_f2uiz
 .text.__aeabi_float_init
                0x00000000200049f8       0x64 CMakeFiles/psram-test.dir/Users/ian/src/pico/pico-sdk/src/rp2_common/pico_float/float_init_rom.c.obj
                0x00000000200049f8                __aeabi_float_init
 .text.float_table_shim_on_use_helper
                0x0000000020004a5c       0x2c CMakeFiles/psram-test.dir/Users/ian/src/pico/pico-sdk/src/rp2_common/pico_float/float_v1_rom_shim.S.obj
                0x0000000020004a5c                float_table_shim_on_use_helper
 .text          0x0000000020004a88       0x10 CMakeFiles/psram-test.dir/Users/ian/src/pico/pico-sdk/src/rp2_common/pico_mem_ops/mem_ops_aeabi.S.obj
                0x0000000020004a88                __aeabi_mem_init
 .text.memset   0x0000000020004a98        0xc CMakeFiles/psram-test.dir/Users/ian/src/pico/pico-sdk/src/rp2_common/pico_mem_ops/mem_ops_aeabi.S.obj
                0x0000000020004a98                __wrap_memset
 .text.memcpy   0x0000000020004aa4        0xc CMakeFiles/psram-test.dir/Users/ian/src/pico/pico-sdk/src/rp2_common/pico_mem_ops/mem_ops_aeabi.S.obj
                0x0000000020004aa4                __wrap___aeabi_memcpy
                0x0000000020004aa4                __wrap_memcpy
 .text.stdio_out_chars_crlf
                0x0000000020004ab0       0x94 CMakeFiles/psram-test.dir/Users/ian/src/pico/pico-sdk/src/rp2_common/pico_stdio/stdio.c.obj
 .text.stdio_buffered_printer
                0x0000000020004b44       0x64 CMakeFiles/psram-test.dir/Users/ian/src/pico/pico-sdk/src/rp2_common/pico_stdio/stdio.c.obj
 .text.__wrap_putchar
                0x0000000020004ba8       0xa4 CMakeFiles/psram-test.dir/Users/ian/src/pico/pico-sdk/src/rp2_common/pico_stdio/stdio.c.obj
                0x0000000020004ba8                __wrap_putchar
 .text.__wrap_puts
                0x0000000020004c4c       0xe8 CMakeFiles/psram-test.dir/Users/ian/src/pico/pico-sdk/src/rp2_common/pico_stdio/stdio.c.obj
                0x0000000020004c4c                __wrap_puts
 .text.stdio_set_driver_enabled
                0x0000000020004d34       0x30 CMakeFiles/psram-test.dir/Users/ian/src/pico/pico-sdk/src/rp2_common/pico_stdio/stdio.c.obj
                0x0000000020004d34                stdio_set_driver_enabled
 .text.__wrap_vprintf
                0x0000000020004d64       0xd4 CMakeFiles/psram-test.dir/Users/ian/src/pico/pico-sdk/src/rp2_common/pico_stdio/stdio.c.obj
                0x0000000020004d64                __wrap_vprintf
 .text.__wrap_printf
                0x0000000020004e38       0x18 CMakeFiles/psram-test.dir/Users/ian/src/pico/pico-sdk/src/rp2_common/pico_stdio/stdio.c.obj
                0x0000000020004e38                __wrap_printf
 .text.stdio_init_all
                0x0000000020004e50        0x8 CMakeFiles/psram-test.dir/Users/ian/src/pico/pico-sdk/src/rp2_common/pico_stdio/stdio.c.obj
                0x0000000020004e50                stdio_init_all
 .text.stdio_uart_out_chars
                0x0000000020004e58       0x4c CMakeFiles/psram-test.dir/Users/ian/src/pico/pico-sdk/src/rp2_common/pico_stdio_uart/stdio_uart.c.obj
 .text.stdio_uart_in_chars
                0x0000000020004ea4       0x38 CMakeFiles/psram-test.dir/Users/ian/src/pico/pico-sdk/src/rp2_common/pico_stdio_uart/stdio_uart.c.obj
                0x0000000020004ea4                stdio_uart_in_chars
 .text.stdio_uart_init
                0x0000000020004edc       0x40 CMakeFiles/psram-test.dir/Users/ian/src/pico/pico-sdk/src/rp2_common/pico_stdio_uart/stdio_uart.c.obj
                0x0000000020004edc                stdio_uart_init
 .text.pio_claim_unused_sm
                0x0000000020004f1c       0x3c CMakeFiles/psram-test.dir/Users/ian/src/pico/pico-sdk/src/rp2_common/hardware_pio/pio.c.obj
                0x0000000020004f1c                pio_claim_unused_sm
 .text.pio_add_program
                0x0000000020004f58       0xf0 CMakeFiles/psram-test.dir/Users/ian/src/pico/pico-sdk/src/rp2_common/hardware_pio/pio.c.obj
                0x0000000020004f58                pio_add_program
 .text.pio_sm_set_consecutive_pindirs
                0x0000000020005048       0x84 CMakeFiles/psram-test.dir/Users/ian/src/pico/pico-sdk/src/rp2_common/hardware_pio/pio.c.obj
                0x0000000020005048                pio_sm_set_consecutive_pindirs
 .text.pio_sm_init
                0x00000000200050cc       0x9c CMakeFiles/psram-test.dir/Users/ian/src/pico/pico-sdk/src/rp2_common/hardware_pio/pio.c.obj
                0x00000000200050cc                pio_sm_init
 .text.dma_claim_unused_channel
                0x0000000020005168       0x24 CMakeFiles/psram-test.dir/Users/ian/src/pico/pico-sdk/src/rp2_common/hardware_dma/dma.c.obj
                0x0000000020005168                dma_claim_unused_channel
 .text          0x000000002000518c        0x4 /opt/local/lib/gcc/arm-none-eabi/12.2.0/thumb/v6-m/nofp/libgcc.a(_dvmd_tls.o)
                0x000000002000518c                __aeabi_ldiv0
                0x000000002000518c                __aeabi_idiv0
 .text          0x0000000020005190       0x44 /opt/local/lib/gcc/arm-none-eabi/12.2.0/../../../../arm-none-eabi/lib/thumb/v6-m/nofp/libc.a(lib_a-memcmp.o)
                0x0000000020005190                memcmp
 .text          0x00000000200051d4       0x5c /opt/local/lib/gcc/arm-none-eabi/12.2.0/../../../../arm-none-eabi/lib/thumb/v6-m/nofp/libc.a(lib_a-strlen-stub.o)
                0x00000000200051d4                strlen
 *(.fini)
 .fini          0x0000000020005230        0x4 /opt/local/lib/gcc/arm-none-eabi/12.2.0/thumb/v6-m/nofp/crti.o
                0x0000000020005230                _fini
 *fill*         0x0000000020005234        0x4 
 .fini.__stub   0x0000000020005238       0x10 linker stubs
 *crtbegin.o(.ctors)
 *crtbegin?.o(.ctors)
 *(EXCLUDE_FILE(*crtend.o *crtend?.o) .ctors)
 *(SORT_BY_NAME(.ctors.*))
 *(.ctors)
 *crtbegin.o(.dtors)
 *crtbegin?.o(.dtors)
 *(EXCLUDE_FILE(*crtend.o *crtend?.o) .dtors)
 *(SORT_BY_NAME(.dtors.*))
 *(.dtors)
 *(.eh_frame*)
 .eh_frame      0x0000000020005248        0x0 /opt/local/lib/gcc/arm-none-eabi/12.2.0/thumb/v6-m/nofp/crtbegin.o
                0x0000000020005248                . = ALIGN (0x4)
                0x0000000020005248                __ram_text_end__ = .
                0x0000000010000308                __ram_text_source__ = LOADADDR (.text)

.glue_7         0x0000000020005248        0x0 load address 0x0000000010005490
 .glue_7        0x0000000020005248        0x0 linker stubs

.glue_7t        0x0000000020005248        0x0 load address 0x0000000010005490
 .glue_7t       0x0000000020005248        0x0 linker stubs

.vfp11_veneer   0x0000000020005248        0x0 load address 0x0000000010005490
 .vfp11_veneer  0x0000000020005248        0x0 linker stubs

.v4_bx          0x0000000020005248        0x0 load address 0x0000000010005490
 .v4_bx         0x0000000020005248        0x0 linker stubs

.iplt           0x0000000020005248        0x0 load address 0x0000000010005490
 .iplt          0x0000000020005248        0x0 /opt/local/lib/gcc/arm-none-eabi/12.2.0/thumb/v6-m/nofp/crtbegin.o

.rel.dyn        0x0000000020005248        0x0 load address 0x0000000010005490
 .rel.iplt      0x0000000020005248        0x0 /opt/local/lib/gcc/arm-none-eabi/12.2.0/thumb/v6-m/nofp/crtbegin.o

.data           0x0000000020005250      0x7b0 load address 0x0000000010005490
                0x0000000020005250                __data_start__ = .
 *(vtable)
 *(.time_critical*)
 .time_critical.mutex_enter_blocking
                0x0000000020005250       0x48 CMakeFiles/psram-test.dir/Users/ian/src/pico/pico-sdk/src/common/pico_sync/mutex.c.obj
                0x0000000020005250                mutex_enter_blocking
 .time_critical.mutex_try_enter
                0x0000000020005298       0x40 CMakeFiles/psram-test.dir/Users/ian/src/pico/pico-sdk/src/common/pico_sync/mutex.c.obj
                0x0000000020005298                mutex_try_enter
 .time_critical.mutex_exit
                0x00000000200052d8       0x28 CMakeFiles/psram-test.dir/Users/ian/src/pico/pico-sdk/src/common/pico_sync/mutex.c.obj
                0x00000000200052d8                mutex_exit
                0x0000000020005300                . = ALIGN (0x4)
 *(.rodata*)
 .rodata.main.str1.4
                0x0000000020005300      0x27e CMakeFiles/psram-test.dir/psram-test.c.obj
 *fill*         0x000000002000557e        0x2 
 .rodata.spi_fudge_program
                0x0000000020005580        0x6 CMakeFiles/psram-test.dir/psram-test.c.obj
 *fill*         0x0000000020005586        0x2 
 .rodata.spi_fudge_program_instructions
                0x0000000020005588       0x14 CMakeFiles/psram-test.dir/psram-test.c.obj
 .rodata        0x000000002000559c        0x7 CMakeFiles/psram-test.dir/psram-test.c.obj
 *fill*         0x00000000200055a3        0x1 
 .rodata.hardware_alarm_claim.str1.4
                0x00000000200055a4       0x22 CMakeFiles/psram-test.dir/Users/ian/src/pico/pico-sdk/src/rp2_common/hardware_timer/timer.c.obj
 *fill*         0x00000000200055c6        0x2 
 .rodata.panic.str1.4
                0x00000000200055c8       0x10 CMakeFiles/psram-test.dir/Users/ian/src/pico/pico-sdk/src/rp2_common/pico_runtime/runtime.c.obj
                                         0x12 (size before relaxing)
 .rodata.hard_assertion_failure.str1.4
                0x00000000200055d8        0xc CMakeFiles/psram-test.dir/Users/ian/src/pico/pico-sdk/src/rp2_common/pico_runtime/runtime.c.obj
 .rodata._ftoa.str1.4
                0x00000000200055e4       0x15 CMakeFiles/psram-test.dir/Users/ian/src/pico/pico-sdk/src/rp2_common/pico_printf/printf.c.obj
 *fill*         0x00000000200055f9        0x3 
 .rodata._vsnprintf
                0x00000000200055fc      0x19c CMakeFiles/psram-test.dir/Users/ian/src/pico/pico-sdk/src/rp2_common/pico_printf/printf.c.obj
 .rodata.pow10.0
                0x0000000020005798       0x50 CMakeFiles/psram-test.dir/Users/ian/src/pico/pico-sdk/src/rp2_common/pico_printf/printf.c.obj
 .rodata.str1.4
                0x00000000200057e8       0x48 CMakeFiles/psram-test.dir/Users/ian/src/pico/pico-sdk/src/rp2_common/pico_standard_link/binary_info.c.obj
 .rodata.__bi_81
                0x0000000020005830        0xc CMakeFiles/psram-test.dir/Users/ian/src/pico/pico-sdk/src/rp2_common/pico_standard_link/binary_info.c.obj
 .rodata.__bi_75
                0x000000002000583c        0xc CMakeFiles/psram-test.dir/Users/ian/src/pico/pico-sdk/src/rp2_common/pico_standard_link/binary_info.c.obj
 .rodata.__bi_56
                0x0000000020005848        0xc CMakeFiles/psram-test.dir/Users/ian/src/pico/pico-sdk/src/rp2_common/pico_standard_link/binary_info.c.obj
 .rodata.__bi_44
                0x0000000020005854        0xc CMakeFiles/psram-test.dir/Users/ian/src/pico/pico-sdk/src/rp2_common/pico_standard_link/binary_info.c.obj
 .rodata.crlf_str.0
                0x0000000020005860        0x2 CMakeFiles/psram-test.dir/Users/ian/src/pico/pico-sdk/src/rp2_common/pico_stdio/stdio.c.obj
 *fill*         0x0000000020005862        0x2 
 .rodata.str1.4
                0x0000000020005864       0x2c CMakeFiles/psram-test.dir/Users/ian/src/pico/pico-sdk/src/rp2_common/pico_stdio_uart/stdio_uart.c.obj
 .rodata.__bi_28.4
                0x0000000020005890        0xc CMakeFiles/psram-test.dir/Users/ian/src/pico/pico-sdk/src/rp2_common/pico_stdio_uart/stdio_uart.c.obj
 .rodata.__bi_29.5
                0x000000002000589c        0x8 CMakeFiles/psram-test.dir/Users/ian/src/pico/pico-sdk/src/rp2_common/pico_stdio_uart/stdio_uart.c.obj
 .rodata.pio_claim_unused_sm.str1.4
                0x00000000200058a4       0x24 CMakeFiles/psram-test.dir/Users/ian/src/pico/pico-sdk/src/rp2_common/hardware_pio/pio.c.obj
 .rodata.pio_add_program.str1.4
                0x00000000200058c8       0x11 CMakeFiles/psram-test.dir/Users/ian/src/pico/pico-sdk/src/rp2_common/hardware_pio/pio.c.obj
 *fill*         0x00000000200058d9        0x3 
 .rodata.dma_claim_unused_channel.str1.4
                0x00000000200058dc       0x1e CMakeFiles/psram-test.dir/Users/ian/src/pico/pico-sdk/src/rp2_common/hardware_dma/dma.c.obj
                0x00000000200058fc                . = ALIGN (0x4)
 *fill*         0x00000000200058fa        0x2 
 *(.data*)
 .data.read_command
                0x00000000200058fc        0x7 CMakeFiles/psram-test.dir/psram-test.c.obj
 *fill*         0x0000000020005903        0x1 
 .data.write_command
                0x0000000020005904        0x6 CMakeFiles/psram-test.dir/psram-test.c.obj
 *fill*         0x000000002000590a        0x2 
 .data.read32_command
                0x000000002000590c        0x7 CMakeFiles/psram-test.dir/psram-test.c.obj
 *fill*         0x0000000020005913        0x1 
 .data.write32_command
                0x0000000020005914        0xa CMakeFiles/psram-test.dir/psram-test.c.obj
 *fill*         0x000000002000591e        0x2 
 .data.read16_command
                0x0000000020005920        0x7 CMakeFiles/psram-test.dir/psram-test.c.obj
 *fill*         0x0000000020005927        0x1 
 .data.write16_command
                0x0000000020005928        0x8 CMakeFiles/psram-test.dir/psram-test.c.obj
 .data.read8_command
                0x0000000020005930        0x7 CMakeFiles/psram-test.dir/psram-test.c.obj
 *fill*         0x0000000020005937        0x1 
 .data.write8_command
                0x0000000020005938        0x7 CMakeFiles/psram-test.dir/psram-test.c.obj
 .data.striped_spin_lock_num
                0x000000002000593f        0x1 CMakeFiles/psram-test.dir/Users/ian/src/pico/pico-sdk/src/rp2_common/hardware_sync/sync.c.obj
 .data          0x0000000020005940       0x48 CMakeFiles/psram-test.dir/Users/ian/src/pico/pico-sdk/src/rp2_common/hardware_irq/irq_handler_chain.S.obj
                0x0000000020005940                irq_handler_chain_slots
                0x0000000020005970                irq_handler_chain_first_slot
                0x000000002000597a                irq_handler_chain_remove_tail
 .data.default_alarm_pool
                0x0000000020005988       0x18 CMakeFiles/psram-test.dir/Users/ian/src/pico/pico-sdk/src/common/pico_time/time.c.obj
 .data.default_alarm_pool_heap
                0x00000000200059a0       0x10 CMakeFiles/psram-test.dir/Users/ian/src/pico/pico-sdk/src/common/pico_time/time.c.obj
 .data.aeabi_bits_funcs
                0x00000000200059b0       0x10 CMakeFiles/psram-test.dir/Users/ian/src/pico/pico-sdk/src/rp2_common/pico_bit_ops/bit_ops_aeabi.S.obj
                0x00000000200059b0                aeabi_bits_funcs
                0x00000000200059c0                aeabi_bits_funcs_end
 .data.aeabi_mem_funcs
                0x00000000200059c0       0x10 CMakeFiles/psram-test.dir/Users/ian/src/pico/pico-sdk/src/rp2_common/pico_mem_ops/mem_ops_aeabi.S.obj
                0x00000000200059c0                aeabi_mem_funcs
                0x00000000200059d0                aeabi_mem_funcs_end
 .data.stdio_uart
                0x00000000200059d0       0x14 CMakeFiles/psram-test.dir/Users/ian/src/pico/pico-sdk/src/rp2_common/pico_stdio_uart/stdio_uart.c.obj
                0x00000000200059d0                stdio_uart
                0x00000000200059e4                . = ALIGN (0x4)
 *(.after_data.*)
                0x00000000200059e4                . = ALIGN (0x4)
                0x00000000200059e4                PROVIDE (__mutex_array_start = .)
 *(SORT_BY_NAME(.mutex_array.*))
 *(.mutex_array)
 .mutex_array   0x00000000200059e4        0x8 CMakeFiles/psram-test.dir/Users/ian/src/pico/pico-sdk/src/rp2_common/pico_stdio/stdio.c.obj
                0x00000000200059ec                PROVIDE (__mutex_array_end = .)
                0x00000000200059ec                . = ALIGN (0x4)
                0x00000000200059ec                PROVIDE (__preinit_array_start = .)
 *(SORT_BY_NAME(.preinit_array.*))
 .preinit_array.00001
                0x00000000200059ec        0x4 CMakeFiles/psram-test.dir/Users/ian/src/pico/pico-sdk/src/rp2_common/pico_mem_ops/mem_ops_aeabi.S.obj
 .preinit_array.00010
                0x00000000200059f0        0x4 CMakeFiles/psram-test.dir/Users/ian/src/pico/pico-sdk/src/rp2_common/pico_bit_ops/bit_ops_aeabi.S.obj
 .preinit_array.00020
                0x00000000200059f4        0x4 CMakeFiles/psram-test.dir/Users/ian/src/pico/pico-sdk/src/rp2_common/pico_double/double_aeabi.S.obj
 .preinit_array.00020
                0x00000000200059f8        0x4 CMakeFiles/psram-test.dir/Users/ian/src/pico/pico-sdk/src/rp2_common/pico_float/float_aeabi.S.obj
 *(.preinit_array)
                0x00000000200059fc                PROVIDE (__preinit_array_end = .)
                0x00000000200059fc                . = ALIGN (0x4)
                0x00000000200059fc                PROVIDE (__init_array_start = .)
 *(SORT_BY_NAME(.init_array.*))
 *(.init_array)
 .init_array    0x00000000200059fc        0x4 /opt/local/lib/gcc/arm-none-eabi/12.2.0/thumb/v6-m/nofp/crtbegin.o
                0x0000000020005a00                PROVIDE (__init_array_end = .)
                0x0000000020005a00                . = ALIGN (0x4)
                0x0000000020005a00                PROVIDE (__fini_array_start = .)
 *(SORT_BY_NAME(.fini_array.*))
 *(.fini_array)
                0x0000000020005a00                PROVIDE (__fini_array_end = .)
 *(.jcr)
                0x0000000020005a00                . = ALIGN (0x4)
                0x0000000020005a00                __data_end__ = .
                0x0000000010005490                __etext = LOADADDR (.data)

.tm_clone_table
                0x0000000020005a00        0x0 load address 0x0000000010005c40
 .tm_clone_table
                0x0000000020005a00        0x0 /opt/local/lib/gcc/arm-none-eabi/12.2.0/thumb/v6-m/nofp/crtbegin.o
 .tm_clone_table
                0x0000000020005a00        0x0 /opt/local/lib/gcc/arm-none-eabi/12.2.0/thumb/v6-m/nofp/crtend.o

.igot.plt       0x0000000020005a00        0x0 load address 0x0000000010005c40
 .igot.plt      0x0000000020005a00        0x0 /opt/local/lib/gcc/arm-none-eabi/12.2.0/thumb/v6-m/nofp/crtbegin.o

.uninitialized_data
                0x0000000020005a00        0x0 load address 0x0000000010005c40
                0x0000000020005a00                . = ALIGN (0x4)
 *(.uninitialized_data*)

.scratch_x      0x0000000020040000        0x0 load address 0x0000000010005c40
                0x0000000020040000                __scratch_x_start__ = .
 *(.scratch_x.*)
                0x0000000020040000                . = ALIGN (0x4)
                0x0000000020040000                __scratch_x_end__ = .
                0x0000000010005c40                __scratch_x_source__ = LOADADDR (.scratch_x)

.scratch_y      0x0000000020041000        0x0 load address 0x0000000010005c40
                0x0000000020041000                __scratch_y_start__ = .
 *(.scratch_y.*)
                0x0000000020041000                . = ALIGN (0x4)
                0x0000000020041000                __scratch_y_end__ = .
                0x0000000010005c40                __scratch_y_source__ = LOADADDR (.scratch_y)

.bss            0x0000000020005a00      0x40c
                0x0000000020005a00                . = ALIGN (0x4)
                0x0000000020005a00                __bss_start__ = .
 *(SORT_BY_ALIGNMENT(SORT_BY_NAME(.bss*)))
 .bss.configured_freq
                0x0000000020005a00       0x28 CMakeFiles/psram-test.dir/Users/ian/src/pico/pico-sdk/src/rp2_common/hardware_clocks/clocks.c.obj
 .bss.default_alarm_pool_entries
                0x0000000020005a28      0x100 CMakeFiles/psram-test.dir/Users/ian/src/pico/pico-sdk/src/common/pico_time/time.c.obj
 .bss.sd_table  0x0000000020005b28      0x100 CMakeFiles/psram-test.dir/Users/ian/src/pico/pico-sdk/src/rp2_common/pico_double/double_init_rom.c.obj
                0x0000000020005b28                sd_table
 .bss.sf_table  0x0000000020005c28      0x100 CMakeFiles/psram-test.dir/Users/ian/src/pico/pico-sdk/src/rp2_common/pico_float/float_init_rom.c.obj
                0x0000000020005c28                sf_table
 .bss           0x0000000020005d28       0x1c /opt/local/lib/gcc/arm-none-eabi/12.2.0/thumb/v6-m/nofp/crtbegin.o
 .bss._used_instruction_space
                0x0000000020005d44        0x8 CMakeFiles/psram-test.dir/Users/ian/src/pico/pico-sdk/src/rp2_common/hardware_pio/pio.c.obj
 .bss.alarm_callbacks
                0x0000000020005d4c       0x10 CMakeFiles/psram-test.dir/Users/ian/src/pico/pico-sdk/src/rp2_common/hardware_timer/timer.c.obj
 .bss.async_spi_inst
                0x0000000020005d5c        0x4 CMakeFiles/psram-test.dir/psram-test.c.obj
 .bss.default_alarm_pool_entry_ids_high
                0x0000000020005d60       0x10 CMakeFiles/psram-test.dir/Users/ian/src/pico/pico-sdk/src/common/pico_time/time.c.obj
 .bss.default_alarm_pool_heap_nodes
                0x0000000020005d70       0x30 CMakeFiles/psram-test.dir/Users/ian/src/pico/pico-sdk/src/common/pico_time/time.c.obj
 .bss.drivers   0x0000000020005da0        0x4 CMakeFiles/psram-test.dir/Users/ian/src/pico/pico-sdk/src/rp2_common/pico_stdio/stdio.c.obj
 .bss.filter    0x0000000020005da4        0x4 CMakeFiles/psram-test.dir/Users/ian/src/pico/pico-sdk/src/rp2_common/pico_stdio/stdio.c.obj
 .bss.lazy_vsnprintf
                0x0000000020005da8        0x4 CMakeFiles/psram-test.dir/Users/ian/src/pico/pico-sdk/src/rp2_common/pico_printf/printf.c.obj
 .bss.pools     0x0000000020005dac       0x10 CMakeFiles/psram-test.dir/Users/ian/src/pico/pico-sdk/src/common/pico_time/time.c.obj
 .bss.psram_spi
                0x0000000020005dbc       0x28 CMakeFiles/psram-test.dir/psram-test.c.obj
                0x0000000020005dbc                psram_spi
 .bss.sf_clz_func
                0x0000000020005de4        0x4 CMakeFiles/psram-test.dir/Users/ian/src/pico/pico-sdk/src/rp2_common/pico_double/double_init_rom.c.obj
                0x0000000020005de4                sf_clz_func
 .bss.sleep_notifier
                0x0000000020005de8        0x4 CMakeFiles/psram-test.dir/Users/ian/src/pico/pico-sdk/src/common/pico_time/time.c.obj
 .bss.target_hi
                0x0000000020005dec       0x10 CMakeFiles/psram-test.dir/Users/ian/src/pico/pico-sdk/src/rp2_common/hardware_timer/timer.c.obj
 .bss.uart_char_to_line_feed
                0x0000000020005dfc        0x4 CMakeFiles/psram-test.dir/Users/ian/src/pico/pico-sdk/src/rp2_common/hardware_uart/uart.c.obj
                0x0000000020005dfc                uart_char_to_line_feed
 .bss.uart_instance
                0x0000000020005e00        0x4 CMakeFiles/psram-test.dir/Users/ian/src/pico/pico-sdk/src/rp2_common/pico_stdio_uart/stdio_uart.c.obj
 .bss._claimed  0x0000000020005e04        0x2 CMakeFiles/psram-test.dir/Users/ian/src/pico/pico-sdk/src/rp2_common/hardware_dma/dma.c.obj
 .bss.claimed   0x0000000020005e06        0x1 CMakeFiles/psram-test.dir/Users/ian/src/pico/pico-sdk/src/rp2_common/hardware_timer/timer.c.obj
 .bss.claimed   0x0000000020005e07        0x1 CMakeFiles/psram-test.dir/Users/ian/src/pico/pico-sdk/src/rp2_common/hardware_pio/pio.c.obj
 .bss.irq_hander_chain_free_slot_head
                0x0000000020005e08        0x1 CMakeFiles/psram-test.dir/Users/ian/src/pico/pico-sdk/src/rp2_common/hardware_irq/irq.c.obj
 .bss.timer_callbacks_pending
                0x0000000020005e09        0x1 CMakeFiles/psram-test.dir/Users/ian/src/pico/pico-sdk/src/rp2_common/hardware_timer/timer.c.obj
 *(COMMON)
                0x0000000020005e0c                . = ALIGN (0x4)
 *fill*         0x0000000020005e0a        0x2 
                0x0000000020005e0c                __bss_end__ = .

.heap           0x0000000020005e0c      0x800
                0x0000000020005e0c                __end__ = .
                0x0000000020005e0c                end = __end__
 *(.heap*)
 .heap          0x0000000020005e0c      0x800 CMakeFiles/psram-test.dir/Users/ian/src/pico/pico-sdk/src/rp2_common/pico_standard_link/crt0.S.obj
                0x000000002000660c                __HeapLimit = .

.stack1_dummy
 *(.stack1*)

.stack_dummy    0x0000000020041000      0x800
 *(.stack*)
 .stack         0x0000000020041000      0x800 CMakeFiles/psram-test.dir/Users/ian/src/pico/pico-sdk/src/rp2_common/pico_standard_link/crt0.S.obj

.flash_end      0x0000000010005c40        0x0
                0x0000000010005c40                __flash_binary_end = .
                0x0000000020040000                __StackLimit = (ORIGIN (RAM) + LENGTH (RAM))
                0x0000000020041000                __StackOneTop = (ORIGIN (SCRATCH_X) + LENGTH (SCRATCH_X))
                0x0000000020042000                __StackTop = (ORIGIN (SCRATCH_Y) + LENGTH (SCRATCH_Y))
                0x0000000020041000                __StackOneBottom = (__StackOneTop - SIZEOF (.stack1_dummy))
                0x0000000020041800                __StackBottom = (__StackTop - SIZEOF (.stack_dummy))
                0x0000000020042000                PROVIDE (__stack = __StackTop)
                0x0000000000000001                ASSERT ((__StackLimit >= __HeapLimit), region RAM overflowed)
                0x0000000000000001                ASSERT (((__binary_info_header_end - __logical_binary_start) <= 0x100), Binary info must be in first 256 bytes of the binary)
LOAD CMakeFiles/psram-test.dir/psram-test.c.obj
LOAD CMakeFiles/psram-test.dir/Users/ian/src/pico/pico-sdk/src/rp2_common/pico_stdlib/stdlib.c.obj
LOAD CMakeFiles/psram-test.dir/Users/ian/src/pico/pico-sdk/src/rp2_common/hardware_gpio/gpio.c.obj
LOAD CMakeFiles/psram-test.dir/Users/ian/src/pico/pico-sdk/src/rp2_common/hardware_claim/claim.c.obj
LOAD CMakeFiles/psram-test.dir/Users/ian/src/pico/pico-sdk/src/rp2_common/pico_platform/platform.c.obj
LOAD CMakeFiles/psram-test.dir/Users/ian/src/pico/pico-sdk/src/rp2_common/hardware_sync/sync.c.obj
LOAD CMakeFiles/psram-test.dir/Users/ian/src/pico/pico-sdk/src/rp2_common/hardware_irq/irq.c.obj
LOAD CMakeFiles/psram-test.dir/Users/ian/src/pico/pico-sdk/src/rp2_common/hardware_irq/irq_handler_chain.S.obj
LOAD CMakeFiles/psram-test.dir/Users/ian/src/pico/pico-sdk/src/common/pico_sync/sem.c.obj
LOAD CMakeFiles/psram-test.dir/Users/ian/src/pico/pico-sdk/src/common/pico_sync/lock_core.c.obj
LOAD CMakeFiles/psram-test.dir/Users/ian/src/pico/pico-sdk/src/common/pico_time/time.c.obj
LOAD CMakeFiles/psram-test.dir/Users/ian/src/pico/pico-sdk/src/common/pico_time/timeout_helper.c.obj
LOAD CMakeFiles/psram-test.dir/Users/ian/src/pico/pico-sdk/src/rp2_common/hardware_timer/timer.c.obj
LOAD CMakeFiles/psram-test.dir/Users/ian/src/pico/pico-sdk/src/common/pico_util/datetime.c.obj
LOAD CMakeFiles/psram-test.dir/Users/ian/src/pico/pico-sdk/src/common/pico_util/pheap.c.obj
LOAD CMakeFiles/psram-test.dir/Users/ian/src/pico/pico-sdk/src/common/pico_util/queue.c.obj
LOAD CMakeFiles/psram-test.dir/Users/ian/src/pico/pico-sdk/src/common/pico_sync/mutex.c.obj
LOAD CMakeFiles/psram-test.dir/Users/ian/src/pico/pico-sdk/src/common/pico_sync/critical_section.c.obj
LOAD CMakeFiles/psram-test.dir/Users/ian/src/pico/pico-sdk/src/rp2_common/hardware_uart/uart.c.obj
LOAD CMakeFiles/psram-test.dir/Users/ian/src/pico/pico-sdk/src/rp2_common/hardware_divider/divider.S.obj
LOAD CMakeFiles/psram-test.dir/Users/ian/src/pico/pico-sdk/src/rp2_common/pico_runtime/runtime.c.obj
LOAD CMakeFiles/psram-test.dir/Users/ian/src/pico/pico-sdk/src/rp2_common/hardware_clocks/clocks.c.obj
LOAD CMakeFiles/psram-test.dir/Users/ian/src/pico/pico-sdk/src/rp2_common/hardware_pll/pll.c.obj
LOAD CMakeFiles/psram-test.dir/Users/ian/src/pico/pico-sdk/src/rp2_common/hardware_vreg/vreg.c.obj
LOAD CMakeFiles/psram-test.dir/Users/ian/src/pico/pico-sdk/src/rp2_common/hardware_watchdog/watchdog.c.obj
LOAD CMakeFiles/psram-test.dir/Users/ian/src/pico/pico-sdk/src/rp2_common/hardware_xosc/xosc.c.obj
LOAD CMakeFiles/psram-test.dir/Users/ian/src/pico/pico-sdk/src/rp2_common/pico_printf/printf.c.obj
LOAD CMakeFiles/psram-test.dir/Users/ian/src/pico/pico-sdk/src/rp2_common/pico_bit_ops/bit_ops_aeabi.S.obj
LOAD CMakeFiles/psram-test.dir/Users/ian/src/pico/pico-sdk/src/rp2_common/pico_bootrom/bootrom.c.obj
LOAD CMakeFiles/psram-test.dir/Users/ian/src/pico/pico-sdk/src/rp2_common/pico_divider/divider.S.obj
LOAD CMakeFiles/psram-test.dir/Users/ian/src/pico/pico-sdk/src/rp2_common/pico_double/double_aeabi.S.obj
LOAD CMakeFiles/psram-test.dir/Users/ian/src/pico/pico-sdk/src/rp2_common/pico_double/double_init_rom.c.obj
LOAD CMakeFiles/psram-test.dir/Users/ian/src/pico/pico-sdk/src/rp2_common/pico_double/double_math.c.obj
LOAD CMakeFiles/psram-test.dir/Users/ian/src/pico/pico-sdk/src/rp2_common/pico_double/double_v1_rom_shim.S.obj
LOAD CMakeFiles/psram-test.dir/Users/ian/src/pico/pico-sdk/src/rp2_common/pico_int64_ops/pico_int64_ops_aeabi.S.obj
LOAD CMakeFiles/psram-test.dir/Users/ian/src/pico/pico-sdk/src/rp2_common/pico_float/float_aeabi.S.obj
LOAD CMakeFiles/psram-test.dir/Users/ian/src/pico/pico-sdk/src/rp2_common/pico_float/float_init_rom.c.obj
LOAD CMakeFiles/psram-test.dir/Users/ian/src/pico/pico-sdk/src/rp2_common/pico_float/float_math.c.obj
LOAD CMakeFiles/psram-test.dir/Users/ian/src/pico/pico-sdk/src/rp2_common/pico_float/float_v1_rom_shim.S.obj
LOAD CMakeFiles/psram-test.dir/Users/ian/src/pico/pico-sdk/src/rp2_common/pico_malloc/pico_malloc.c.obj
LOAD CMakeFiles/psram-test.dir/Users/ian/src/pico/pico-sdk/src/rp2_common/pico_mem_ops/mem_ops_aeabi.S.obj
LOAD CMakeFiles/psram-test.dir/Users/ian/src/pico/pico-sdk/src/rp2_common/pico_standard_link/crt0.S.obj
LOAD CMakeFiles/psram-test.dir/Users/ian/src/pico/pico-sdk/src/rp2_common/pico_standard_link/new_delete.cpp.obj
LOAD CMakeFiles/psram-test.dir/Users/ian/src/pico/pico-sdk/src/rp2_common/pico_standard_link/binary_info.c.obj
LOAD CMakeFiles/psram-test.dir/Users/ian/src/pico/pico-sdk/src/rp2_common/pico_stdio/stdio.c.obj
LOAD CMakeFiles/psram-test.dir/Users/ian/src/pico/pico-sdk/src/rp2_common/pico_stdio_uart/stdio_uart.c.obj
LOAD CMakeFiles/psram-test.dir/Users/ian/src/pico/pico-sdk/src/rp2_common/hardware_pio/pio.c.obj
LOAD CMakeFiles/psram-test.dir/Users/ian/src/pico/pico-sdk/src/rp2_common/hardware_dma/dma.c.obj
LOAD /var/folders/g7/33fnyj7s43z_mnx1fh_qqq000000gn/T//ccwNIGEb.o
LOAD /opt/local/lib/gcc/arm-none-eabi/12.2.0/../../../../arm-none-eabi/lib/thumb/v6-m/nofp/libstdc++.a
LOAD /opt/local/lib/gcc/arm-none-eabi/12.2.0/../../../../arm-none-eabi/lib/thumb/v6-m/nofp/libm.a
START GROUP
LOAD /opt/local/lib/gcc/arm-none-eabi/12.2.0/thumb/v6-m/nofp/libgcc.a
LOAD /opt/local/lib/gcc/arm-none-eabi/12.2.0/../../../../arm-none-eabi/lib/thumb/v6-m/nofp/libc.a
END GROUP
START GROUP
LOAD /opt/local/lib/gcc/arm-none-eabi/12.2.0/thumb/v6-m/nofp/libgcc.a
LOAD /opt/local/lib/gcc/arm-none-eabi/12.2.0/../../../../arm-none-eabi/lib/thumb/v6-m/nofp/libc.a
LOAD /opt/local/lib/gcc/arm-none-eabi/12.2.0/../../../../arm-none-eabi/lib/thumb/v6-m/nofp/libnosys.a
END GROUP
LOAD /opt/local/lib/gcc/arm-none-eabi/12.2.0/thumb/v6-m/nofp/crtend.o
LOAD /opt/local/lib/gcc/arm-none-eabi/12.2.0/thumb/v6-m/nofp/crtn.o
OUTPUT(psram-test.elf elf32-littlearm)
LOAD linker stubs

.ARM.attributes
                0x0000000000000000       0x28
 .ARM.attributes
                0x0000000000000000       0x1e /opt/local/lib/gcc/arm-none-eabi/12.2.0/thumb/v6-m/nofp/crti.o
 .ARM.attributes
                0x000000000000001e       0x2c /opt/local/lib/gcc/arm-none-eabi/12.2.0/thumb/v6-m/nofp/crtbegin.o
 .ARM.attributes
                0x000000000000004a       0x2c CMakeFiles/psram-test.dir/psram-test.c.obj
 .ARM.attributes
                0x0000000000000076       0x2c CMakeFiles/psram-test.dir/Users/ian/src/pico/pico-sdk/src/rp2_common/pico_stdlib/stdlib.c.obj
 .ARM.attributes
                0x00000000000000a2       0x2c CMakeFiles/psram-test.dir/Users/ian/src/pico/pico-sdk/src/rp2_common/hardware_gpio/gpio.c.obj
 .ARM.attributes
                0x00000000000000ce       0x2c CMakeFiles/psram-test.dir/Users/ian/src/pico/pico-sdk/src/rp2_common/hardware_claim/claim.c.obj
 .ARM.attributes
                0x00000000000000fa       0x2c CMakeFiles/psram-test.dir/Users/ian/src/pico/pico-sdk/src/rp2_common/pico_platform/platform.c.obj
 .ARM.attributes
                0x0000000000000126       0x2c CMakeFiles/psram-test.dir/Users/ian/src/pico/pico-sdk/src/rp2_common/hardware_sync/sync.c.obj
 .ARM.attributes
                0x0000000000000152       0x2c CMakeFiles/psram-test.dir/Users/ian/src/pico/pico-sdk/src/rp2_common/hardware_irq/irq.c.obj
 .ARM.attributes
                0x000000000000017e       0x22 CMakeFiles/psram-test.dir/Users/ian/src/pico/pico-sdk/src/rp2_common/hardware_irq/irq_handler_chain.S.obj
 .ARM.attributes
                0x00000000000001a0       0x2c CMakeFiles/psram-test.dir/Users/ian/src/pico/pico-sdk/src/common/pico_sync/lock_core.c.obj
 .ARM.attributes
                0x00000000000001cc       0x2c CMakeFiles/psram-test.dir/Users/ian/src/pico/pico-sdk/src/common/pico_time/time.c.obj
 .ARM.attributes
                0x00000000000001f8       0x2c CMakeFiles/psram-test.dir/Users/ian/src/pico/pico-sdk/src/rp2_common/hardware_timer/timer.c.obj
 .ARM.attributes
                0x0000000000000224       0x2c CMakeFiles/psram-test.dir/Users/ian/src/pico/pico-sdk/src/common/pico_util/pheap.c.obj
 .ARM.attributes
                0x0000000000000250       0x2c CMakeFiles/psram-test.dir/Users/ian/src/pico/pico-sdk/src/common/pico_sync/mutex.c.obj
 .ARM.attributes
                0x000000000000027c       0x2c CMakeFiles/psram-test.dir/Users/ian/src/pico/pico-sdk/src/rp2_common/hardware_uart/uart.c.obj
 .ARM.attributes
                0x00000000000002a8       0x2c CMakeFiles/psram-test.dir/Users/ian/src/pico/pico-sdk/src/rp2_common/pico_runtime/runtime.c.obj
 .ARM.attributes
                0x00000000000002d4       0x2c CMakeFiles/psram-test.dir/Users/ian/src/pico/pico-sdk/src/rp2_common/hardware_clocks/clocks.c.obj
 .ARM.attributes
                0x0000000000000300       0x2c CMakeFiles/psram-test.dir/Users/ian/src/pico/pico-sdk/src/rp2_common/hardware_pll/pll.c.obj
 .ARM.attributes
                0x000000000000032c       0x2c CMakeFiles/psram-test.dir/Users/ian/src/pico/pico-sdk/src/rp2_common/hardware_watchdog/watchdog.c.obj
 .ARM.attributes
                0x0000000000000358       0x2c CMakeFiles/psram-test.dir/Users/ian/src/pico/pico-sdk/src/rp2_common/hardware_xosc/xosc.c.obj
 .ARM.attributes
                0x0000000000000384       0x2c CMakeFiles/psram-test.dir/Users/ian/src/pico/pico-sdk/src/rp2_common/pico_printf/printf.c.obj
 .ARM.attributes
                0x00000000000003b0       0x22 CMakeFiles/psram-test.dir/Users/ian/src/pico/pico-sdk/src/rp2_common/pico_bit_ops/bit_ops_aeabi.S.obj
 .ARM.attributes
                0x00000000000003d2       0x2c CMakeFiles/psram-test.dir/Users/ian/src/pico/pico-sdk/src/rp2_common/pico_bootrom/bootrom.c.obj
 .ARM.attributes
                0x00000000000003fe       0x22 CMakeFiles/psram-test.dir/Users/ian/src/pico/pico-sdk/src/rp2_common/pico_divider/divider.S.obj
 .ARM.attributes
                0x0000000000000420       0x22 CMakeFiles/psram-test.dir/Users/ian/src/pico/pico-sdk/src/rp2_common/pico_double/double_aeabi.S.obj
 .ARM.attributes
                0x0000000000000442       0x2c CMakeFiles/psram-test.dir/Users/ian/src/pico/pico-sdk/src/rp2_common/pico_double/double_init_rom.c.obj
 .ARM.attributes
                0x000000000000046e       0x22 CMakeFiles/psram-test.dir/Users/ian/src/pico/pico-sdk/src/rp2_common/pico_double/double_v1_rom_shim.S.obj
 .ARM.attributes
                0x0000000000000490       0x22 CMakeFiles/psram-test.dir/Users/ian/src/pico/pico-sdk/src/rp2_common/pico_float/float_aeabi.S.obj
 .ARM.attributes
                0x00000000000004b2       0x2c CMakeFiles/psram-test.dir/Users/ian/src/pico/pico-sdk/src/rp2_common/pico_float/float_init_rom.c.obj
 .ARM.attributes
                0x00000000000004de       0x22 CMakeFiles/psram-test.dir/Users/ian/src/pico/pico-sdk/src/rp2_common/pico_float/float_v1_rom_shim.S.obj
 .ARM.attributes
                0x0000000000000500       0x22 CMakeFiles/psram-test.dir/Users/ian/src/pico/pico-sdk/src/rp2_common/pico_mem_ops/mem_ops_aeabi.S.obj
 .ARM.attributes
                0x0000000000000522       0x22 CMakeFiles/psram-test.dir/Users/ian/src/pico/pico-sdk/src/rp2_common/pico_standard_link/crt0.S.obj
 .ARM.attributes
                0x0000000000000544       0x2c CMakeFiles/psram-test.dir/Users/ian/src/pico/pico-sdk/src/rp2_common/pico_standard_link/binary_info.c.obj
 .ARM.attributes
                0x0000000000000570       0x2c CMakeFiles/psram-test.dir/Users/ian/src/pico/pico-sdk/src/rp2_common/pico_stdio/stdio.c.obj
 .ARM.attributes
                0x000000000000059c       0x2c CMakeFiles/psram-test.dir/Users/ian/src/pico/pico-sdk/src/rp2_common/pico_stdio_uart/stdio_uart.c.obj
 .ARM.attributes
                0x00000000000005c8       0x2c CMakeFiles/psram-test.dir/Users/ian/src/pico/pico-sdk/src/rp2_common/hardware_pio/pio.c.obj
 .ARM.attributes
                0x00000000000005f4       0x2c CMakeFiles/psram-test.dir/Users/ian/src/pico/pico-sdk/src/rp2_common/hardware_dma/dma.c.obj
 .ARM.attributes
                0x0000000000000620       0x22 /var/folders/g7/33fnyj7s43z_mnx1fh_qqq000000gn/T//ccwNIGEb.o
 .ARM.attributes
                0x0000000000000642       0x1e /opt/local/lib/gcc/arm-none-eabi/12.2.0/thumb/v6-m/nofp/libgcc.a(_dvmd_tls.o)
 .ARM.attributes
                0x0000000000000660       0x2c /opt/local/lib/gcc/arm-none-eabi/12.2.0/../../../../arm-none-eabi/lib/thumb/v6-m/nofp/libc.a(lib_a-memcmp.o)
 .ARM.attributes
                0x000000000000068c       0x2c /opt/local/lib/gcc/arm-none-eabi/12.2.0/../../../../arm-none-eabi/lib/thumb/v6-m/nofp/libc.a(lib_a-strlen-stub.o)
 .ARM.attributes
                0x00000000000006b8       0x2c /opt/local/lib/gcc/arm-none-eabi/12.2.0/thumb/v6-m/nofp/crtend.o

.comment        0x0000000000000000       0x12
 .comment       0x0000000000000000       0x12 /opt/local/lib/gcc/arm-none-eabi/12.2.0/thumb/v6-m/nofp/crtbegin.o
                                         0x13 (size before relaxing)
 .comment       0x0000000000000012       0x13 CMakeFiles/psram-test.dir/psram-test.c.obj
 .comment       0x0000000000000012       0x13 CMakeFiles/psram-test.dir/Users/ian/src/pico/pico-sdk/src/rp2_common/pico_stdlib/stdlib.c.obj
 .comment       0x0000000000000012       0x13 CMakeFiles/psram-test.dir/Users/ian/src/pico/pico-sdk/src/rp2_common/hardware_gpio/gpio.c.obj
 .comment       0x0000000000000012       0x13 CMakeFiles/psram-test.dir/Users/ian/src/pico/pico-sdk/src/rp2_common/hardware_claim/claim.c.obj
 .comment       0x0000000000000012       0x13 CMakeFiles/psram-test.dir/Users/ian/src/pico/pico-sdk/src/rp2_common/pico_platform/platform.c.obj
 .comment       0x0000000000000012       0x13 CMakeFiles/psram-test.dir/Users/ian/src/pico/pico-sdk/src/rp2_common/hardware_sync/sync.c.obj
 .comment       0x0000000000000012       0x13 CMakeFiles/psram-test.dir/Users/ian/src/pico/pico-sdk/src/rp2_common/hardware_irq/irq.c.obj
 .comment       0x0000000000000012       0x13 CMakeFiles/psram-test.dir/Users/ian/src/pico/pico-sdk/src/common/pico_sync/lock_core.c.obj
 .comment       0x0000000000000012       0x13 CMakeFiles/psram-test.dir/Users/ian/src/pico/pico-sdk/src/common/pico_time/time.c.obj
 .comment       0x0000000000000012       0x13 CMakeFiles/psram-test.dir/Users/ian/src/pico/pico-sdk/src/rp2_common/hardware_timer/timer.c.obj
 .comment       0x0000000000000012       0x13 CMakeFiles/psram-test.dir/Users/ian/src/pico/pico-sdk/src/common/pico_util/pheap.c.obj
 .comment       0x0000000000000012       0x13 CMakeFiles/psram-test.dir/Users/ian/src/pico/pico-sdk/src/common/pico_sync/mutex.c.obj
 .comment       0x0000000000000012       0x13 CMakeFiles/psram-test.dir/Users/ian/src/pico/pico-sdk/src/rp2_common/hardware_uart/uart.c.obj
 .comment       0x0000000000000012       0x13 CMakeFiles/psram-test.dir/Users/ian/src/pico/pico-sdk/src/rp2_common/pico_runtime/runtime.c.obj
 .comment       0x0000000000000012       0x13 CMakeFiles/psram-test.dir/Users/ian/src/pico/pico-sdk/src/rp2_common/hardware_clocks/clocks.c.obj
 .comment       0x0000000000000012       0x13 CMakeFiles/psram-test.dir/Users/ian/src/pico/pico-sdk/src/rp2_common/hardware_pll/pll.c.obj
 .comment       0x0000000000000012       0x13 CMakeFiles/psram-test.dir/Users/ian/src/pico/pico-sdk/src/rp2_common/hardware_watchdog/watchdog.c.obj
 .comment       0x0000000000000012       0x13 CMakeFiles/psram-test.dir/Users/ian/src/pico/pico-sdk/src/rp2_common/hardware_xosc/xosc.c.obj
 .comment       0x0000000000000012       0x13 CMakeFiles/psram-test.dir/Users/ian/src/pico/pico-sdk/src/rp2_common/pico_printf/printf.c.obj
 .comment       0x0000000000000012       0x13 CMakeFiles/psram-test.dir/Users/ian/src/pico/pico-sdk/src/rp2_common/pico_bootrom/bootrom.c.obj
 .comment       0x0000000000000012       0x13 CMakeFiles/psram-test.dir/Users/ian/src/pico/pico-sdk/src/rp2_common/pico_double/double_init_rom.c.obj
 .comment       0x0000000000000012       0x13 CMakeFiles/psram-test.dir/Users/ian/src/pico/pico-sdk/src/rp2_common/pico_float/float_init_rom.c.obj
 .comment       0x0000000000000012       0x13 CMakeFiles/psram-test.dir/Users/ian/src/pico/pico-sdk/src/rp2_common/pico_standard_link/binary_info.c.obj
 .comment       0x0000000000000012       0x13 CMakeFiles/psram-test.dir/Users/ian/src/pico/pico-sdk/src/rp2_common/pico_stdio/stdio.c.obj
 .comment       0x0000000000000012       0x13 CMakeFiles/psram-test.dir/Users/ian/src/pico/pico-sdk/src/rp2_common/pico_stdio_uart/stdio_uart.c.obj
 .comment       0x0000000000000012       0x13 CMakeFiles/psram-test.dir/Users/ian/src/pico/pico-sdk/src/rp2_common/hardware_pio/pio.c.obj
 .comment       0x0000000000000012       0x13 CMakeFiles/psram-test.dir/Users/ian/src/pico/pico-sdk/src/rp2_common/hardware_dma/dma.c.obj
 .comment       0x0000000000000012       0x13 /opt/local/lib/gcc/arm-none-eabi/12.2.0/../../../../arm-none-eabi/lib/thumb/v6-m/nofp/libc.a(lib_a-memcmp.o)
 .comment       0x0000000000000012       0x13 /opt/local/lib/gcc/arm-none-eabi/12.2.0/../../../../arm-none-eabi/lib/thumb/v6-m/nofp/libc.a(lib_a-strlen-stub.o)
 .comment       0x0000000000000012       0x13 /opt/local/lib/gcc/arm-none-eabi/12.2.0/thumb/v6-m/nofp/crtend.o

.debug_line     0x0000000000000000      0x729
 .debug_line    0x0000000000000000       0x4a /opt/local/lib/gcc/arm-none-eabi/12.2.0/thumb/v6-m/nofp/libgcc.a(_dvmd_tls.o)
 .debug_line    0x000000000000004a      0x2fb /opt/local/lib/gcc/arm-none-eabi/12.2.0/../../../../arm-none-eabi/lib/thumb/v6-m/nofp/libc.a(lib_a-memcmp.o)
 .debug_line    0x0000000000000345      0x3e4 /opt/local/lib/gcc/arm-none-eabi/12.2.0/../../../../arm-none-eabi/lib/thumb/v6-m/nofp/libc.a(lib_a-strlen-stub.o)

.debug_line_str
                0x0000000000000000      0x194
 .debug_line_str
                0x0000000000000000      0x194 /opt/local/lib/gcc/arm-none-eabi/12.2.0/thumb/v6-m/nofp/libgcc.a(_dvmd_tls.o)

.debug_info     0x0000000000000000      0x24f
 .debug_info    0x0000000000000000       0x39 /opt/local/lib/gcc/arm-none-eabi/12.2.0/thumb/v6-m/nofp/libgcc.a(_dvmd_tls.o)
 .debug_info    0x0000000000000039      0x12b /opt/local/lib/gcc/arm-none-eabi/12.2.0/../../../../arm-none-eabi/lib/thumb/v6-m/nofp/libc.a(lib_a-memcmp.o)
 .debug_info    0x0000000000000164       0xeb /opt/local/lib/gcc/arm-none-eabi/12.2.0/../../../../arm-none-eabi/lib/thumb/v6-m/nofp/libc.a(lib_a-strlen-stub.o)

.debug_abbrev   0x0000000000000000      0x13f
 .debug_abbrev  0x0000000000000000       0x1f /opt/local/lib/gcc/arm-none-eabi/12.2.0/thumb/v6-m/nofp/libgcc.a(_dvmd_tls.o)
 .debug_abbrev  0x000000000000001f       0x90 /opt/local/lib/gcc/arm-none-eabi/12.2.0/../../../../arm-none-eabi/lib/thumb/v6-m/nofp/libc.a(lib_a-memcmp.o)
 .debug_abbrev  0x00000000000000af       0x90 /opt/local/lib/gcc/arm-none-eabi/12.2.0/../../../../arm-none-eabi/lib/thumb/v6-m/nofp/libc.a(lib_a-strlen-stub.o)

.debug_aranges  0x0000000000000000       0x60
 .debug_aranges
                0x0000000000000000       0x20 /opt/local/lib/gcc/arm-none-eabi/12.2.0/thumb/v6-m/nofp/libgcc.a(_dvmd_tls.o)
 .debug_aranges
                0x0000000000000020       0x20 /opt/local/lib/gcc/arm-none-eabi/12.2.0/../../../../arm-none-eabi/lib/thumb/v6-m/nofp/libc.a(lib_a-memcmp.o)
 .debug_aranges
                0x0000000000000040       0x20 /opt/local/lib/gcc/arm-none-eabi/12.2.0/../../../../arm-none-eabi/lib/thumb/v6-m/nofp/libc.a(lib_a-strlen-stub.o)

.debug_str      0x0000000000000000      0x5e8
 .debug_str     0x0000000000000000      0x1bc /opt/local/lib/gcc/arm-none-eabi/12.2.0/thumb/v6-m/nofp/libgcc.a(_dvmd_tls.o)
 .debug_str     0x00000000000001bc      0x265 /opt/local/lib/gcc/arm-none-eabi/12.2.0/../../../../arm-none-eabi/lib/thumb/v6-m/nofp/libc.a(lib_a-memcmp.o)
                                        0x29e (size before relaxing)
 .debug_str     0x0000000000000421      0x1c7 /opt/local/lib/gcc/arm-none-eabi/12.2.0/../../../../arm-none-eabi/lib/thumb/v6-m/nofp/libc.a(lib_a-strlen-stub.o)
                                        0x2c0 (size before relaxing)

.debug_loclists
                0x0000000000000000      0x15a
 .debug_loclists
                0x0000000000000000      0x109 /opt/local/lib/gcc/arm-none-eabi/12.2.0/../../../../arm-none-eabi/lib/thumb/v6-m/nofp/libc.a(lib_a-memcmp.o)
 .debug_loclists
                0x0000000000000109       0x51 /opt/local/lib/gcc/arm-none-eabi/12.2.0/../../../../arm-none-eabi/lib/thumb/v6-m/nofp/libc.a(lib_a-strlen-stub.o)

.debug_frame    0x0000000000000000       0x54
 .debug_frame   0x0000000000000000       0x2c /opt/local/lib/gcc/arm-none-eabi/12.2.0/../../../../arm-none-eabi/lib/thumb/v6-m/nofp/libc.a(lib_a-memcmp.o)
 .debug_frame   0x000000000000002c       0x28 /opt/local/lib/gcc/arm-none-eabi/12.2.0/../../../../arm-none-eabi/lib/thumb/v6-m/nofp/libc.a(lib_a-strlen-stub.o)
